ets Jul 29 2019 12:21:46

rst:0x1 (POWERON_RESET),boot:0x1b (SPI_FAST_FLASH_BOOT)
configsip: 0, SPIWP:0xee
clk_drv:0x00,q_drv:0x00,d_drv:0x00,cs0_drv:0x00,hd_drv:0x00,wp_drv:0x00
mode:DIO, clock div:2
load:0x3fff0030,len:7176
load:0x40078000,len:15564
ho 0 tail 12 room 4
load:0x40080400,len:4
load:0x40080404,len:3904
entry 0x40080640
[0;32mI (31) boot: ESP-IDF v5.3.1-dirty 2nd stage bootloader[0m
[0;32mI (31) boot: compile time Jul 22 2025 19:24:39[0m
[0;32mI (31) boot: Multicore bootloader[0m
[0;32mI (36) boot: chip revision: v3.1[0m
[0;32mI (40) boot.esp32: SPI Speed      : 40MHz[0m
[0;32mI (44) boot.esp32: SPI Mode       : DIO[0m
[0;32mI (49) boot.esp32: SPI Flash Size : 2MB[0m
[0;32mI (53) boot: Enabling RNG early entropy source...[0m
[0;32mI (59) boot: Partition Table:[0m
[0;32mI (62) boot: ## Label            Usage          Type ST Offset   Length[0m
[0;32mI (70) boot:  0 nvs              WiFi data        01 02 00009000 00006000[0m
[0;32mI (77) boot:  1 phy_init         RF data          01 01 0000f000 00001000[0m
[0;32mI (85) boot:  2 factory          factory app      00 00 00010000 00100000[0m
[0;32mI (92) boot: End of partition table[0m
[0;32mI (96) esp_image: segment 0: paddr=00010020 vaddr=3f400020 size=209d0h (133584) map[0m
[0;32mI (151) esp_image: segment 1: paddr=000309f8 vaddr=3ffb0000 size=03f48h ( 16200) load[0m
[0;32mI (157) esp_image: segment 2: paddr=00034948 vaddr=40080000 size=0b6d0h ( 46800) load[0m
[0;32mI (175) esp_image: segment 3: paddr=00040020 vaddr=400d0020 size=83fb4h (540596) map[0m
[0;32mI (361) esp_image: segment 4: paddr=000c3fdc vaddr=4008b6d0 size=0cfe0h ( 53216) load[0m
[0;32mI (394) boot: Loaded app from partition at offset 0x10000[0m
[0;32mI (394) boot: Disabling RNG early entropy source...[0m
[0;32mI (406) cpu_start: Multicore app[0m
[0;32mI (415) cpu_start: Pro cpu start user code[0m
[0;32mI (415) cpu_start: cpu freq: 160000000 Hz[0m
[0;32mI (415) app_init: Application information:[0m
[0;32mI (418) app_init: Project name:     LuppiterController[0m
[0;32mI (423) app_init: App version:      f7cd47c-dirty[0m
[0;32mI (429) app_init: Compile time:     Aug  9 2025 16:23:54[0m
[0;32mI (435) app_init: ELF file SHA256:  dae66f73d...[0m
[0;32mI (440) app_init: ESP-IDF:          v5.3.1-dirty[0m
[0;32mI (445) efuse_init: Min chip rev:     v0.0[0m
[0;32mI (450) efuse_init: Max chip rev:     v3.99 [0m
[0;32mI (455) efuse_init: Chip rev:         v3.1[0m
[0;32mI (460) heap_init: Initializing. RAM available for dynamic allocation:[0m
[0;32mI (467) heap_init: At 3FFAE6E0 len 00001920 (6 KiB): DRAM[0m
[0;32mI (473) heap_init: At 3FFB8250 len 00027DB0 (159 KiB): DRAM[0m
[0;32mI (479) heap_init: At 3FFE0440 len 00003AE0 (14 KiB): D/IRAM[0m
[0;32mI (486) heap_init: At 3FFE4350 len 0001BCB0 (111 KiB): D/IRAM[0m
[0;32mI (492) heap_init: At 400986B0 len 00007950 (30 KiB): IRAM[0m
[0;32mI (500) spi_flash: detected chip: generic[0m
[0;32mI (503) spi_flash: flash io: dio[0m
[0;33mW (507) spi_flash: Detected size(4096k) larger than the size in the binary image header(2048k). Using the size in the binary image header.[0m
[0;33mW (520) i2c: This driver is an old driver, please migrate your application code to adapt `driver/i2c_master.h`[0m
[0;32mI (532) main_task: Started on CPU0[0m
[0;32mI (542) main_task: Calling app_main()[0m
[0;32mI (572) wifi:wifi driver task: 3ffbfed0, prio:23, stack:6656, core=0[0m
[0;32mI (572) wifi:wifi firmware version: ccaebfa[0m
[0;32mI (572) wifi:wifi certification version: v7.0[0m
[0;32mI (572) wifi:config NVS flash: enabled[0m
[0;32mI (572) wifi:config nano formating: disabled[0m
[0;32mI (582) wifi:Init data frame dynamic rx buffer num: 32[0m
[0;32mI (582) wifi:Init static rx mgmt buffer num: 5[0m
[0;32mI (592) wifi:Init management short buffer num: 32[0m
[0;32mI (592) wifi:Init dynamic tx buffer num: 32[0m
[0;32mI (592) wifi:Init static rx buffer size: 1600[0m
[0;32mI (602) wifi:Init static rx buffer num: 10[0m
[0;32mI (602) wifi:Init dynamic rx buffer num: 32[0m
[0;32mI (612) wifi_init: rx ba win: 6[0m
[0;32mI (612) wifi_init: accept mbox: 6[0m
[0;32mI (612) wifi_init: tcpip mbox: 32[0m
[0;32mI (622) wifi_init: udp mbox: 6[0m
[0;32mI (622) wifi_init: tcp mbox: 6[0m
[0;32mI (622) wifi_init: tcp tx win: 5760[0m
[0;32mI (632) wifi_init: tcp rx win: 5760[0m
[0;32mI (632) wifi_init: tcp mss: 1440[0m
[0;32mI (642) wifi_init: WiFi IRAM OP enabled[0m
[0;32mI (642) wifi_init: WiFi RX IRAM OP enabled[0m
[0;32mI (652) phy_init: phy_version 4830,54550f7,Jun 20 2024,14:22:08[0m
[0;32mI (722) wifi:mode : sta (84:1f:e8:09:93:dc)[0m
[0;32mI (732) wifi:enable tsf[0m
[0;32mI (732) ESPNOW: espnow [version: 1.0] init[0m
[0;32mI (732) main_task: Returned from app_main()[0m
24.84 | 996.76 | 138.21
Data sent
24.97 | 996.78 | 137.58
Data sent
24.99 | 996.79 | 137.99
Data sent
25.04 | 996.71 | 138.63
Data sent
25.08 | 996.78 | 138.74
Data sent
25.15 | 996.68 | 138.85
Data sent
25.14 | 996.82 | 137.68
Data sent
25.15 | 996.85 | 137.41
Data sent
25.15 | 996.84 | 137.50
Data sent
25.15 | 996.84 | 137.50
Data sent
25.14 | 996.94 | 136.67
Data sent
25.14 | 996.90 | 137.01
Data sent
25.14 | 996.86 | 137.34
Data sent
25.13 | 996.80 | 137.86
Data sent
25.12 | 996.78 | 138.03
Data sent
25.12 | 996.86 | 137.36
Data sent
25.13 | 996.96 | 136.51
Data sent
25.13 | 996.88 | 137.18
Data sent
25.13 | 996.92 | 136.84
Data sent
25.13 | 996.84 | 137.52
Data sent
25.14 | 996.98 | 136.33
Data sent
25.12 | 996.87 | 137.27
Data sent
25.13 | 996.84 | 137.52
Data sent
25.12 | 996.84 | 137.52
Data sent
25.12 | 996.91 | 136.93
Data sent
25.13 | 997.00 | 136.17
Data sent
25.12 | 996.91 | 136.93
Data sent
25.12 | 996.90 | 137.02
Data sent
25.12 | 996.99 | 136.26
Data sent
25.13 | 996.84 | 137.18
Data sent
25.13 | 996.88 | 137.18
Data sent
25.13 | 996.88 | 137.18
Data sent
25.13 | 996.92 | 136.84
Data sent
25.14 | 996.94 | 136.67
Data sent
ï¿½ï¿½ï¿½ï¿½ï¿½ï¿½ï¿½ï¿½ï¿½ï¿½ï¿½ï¿½ï¿½ï¿½ï¿½ï¿½ï¿½ï¿½ï¿½ï¿½ï¿½ï¿½ï¿½ï¿½ï¿½ï¿½ï¿½ï¿½ï¿½ï¿½ï¿½ï¿½ï¿½ï¿½ï¿½ï¿½ï¿½ï¿½ï¿½ï¿½ï¿½ï¿½ï¿½ï¿½ï¿½ï¿½ï¿½ï¿½ï¿½ï¿½ï¿½ï¿½ï¿½ï¿½ï¿½ï¿½ï¿½ï¿½ï¿½ï¿½ï¿½ï¿½ï¿½ï¿½nt
25.12 | 996.93 | 136.76
Data sent
25.12 | 996.90 | 137.02
Data sent
25.11 | 996.88 | 137.20
Data sent
ï¿½ï¿½ï¿½ï¿½ï¿½ï¿½ï¿½ï¿½ï¿½ï¿½ï¿½ï¿½ï¿½ï¿½ï¿½ï¿½ï¿½ï¿½ï¿½ï¿½ï¿½ï¿½ï¿½ï¿½ï¿½ï¿½ï¿½ï¿½ï¿½ï¿½ï¿½ï¿½ï¿½ï¿½ï¿½ï¿½ï¿½ï¿½ï¿½ï¿½ï¿½ï¿½ï¿½ï¿½ï¿½ï¿½ï¿½ï¿½ï¿½ï¿½ï¿½ï¿½ï¿½ï¿½ï¿½ï¿½ï¿½ï¿½ï¿½ï¿½ï¿½ï¿½ï¿½ï¿½nt
